epoch      1787493909000
%F         2026-08-23
%T         14:05:09
todo       2026-08-23T14:05:09.000+0000
en -0400   2026-08-23 10:05:09 -0400
en +1000   2026-08-24 00:05:09 +1000
medianoche 2026-08-23 00:00:00
partes     #(year: 2026, month: 8, day: 23, hour: 14, minute: 5, second: 9, millisecond: 0, weekday: 7, offset: 0)
campos     2026 8 23 semana 7
desplazado 23
+90 min    15:35:09
+1 día     2026-08-24
-30 días   2026-07-24
+2 semanas 2026-09-06
31 ene +1m 2026-02-28
y bisiesto 2024-02-29
+1 año     2027-08-23
días       30
al revés   -30
semanas    4
horas      720
14 feb     0
15 feb     1
un minuto  1 día  0 horas
bisiesto   2024-02-29
día 366    366
día 365    365
el epoch   1970-01-01 00:00:00 4
antes de él1969-12-31 23:59:59
modo devanagari activo, y el número २०२६
pero la fecha 2026-08-23
y por partes  २०२६-८-२३
mes 13     ##Time(month 13 is outside 1..12)
29 feb     ##Time(day 29 is outside 1..28 for 2026-02)
hora 24    ##Time(hour 24 is outside 0..23)
unidad     ##Time(unknown unit 'quincena': one of millisecond, second, minute, hour, day, week, month, year)
zona       ##Time(unknown zone 'Marte': use "UTC", "local", or an offset like "+1000" or "-0400")
patrón     ##Time(unknown pattern '%Q': one of %Y %m %d %H %M %S %L %j %u %z %F %T %%)
detectado  ##Time(day 30 is outside 1..28 for 2026-02)
y el bueno 2026-02-28
