=== Test 1: Function trying to access main variable ===
Function executed (not trying to access main_variable)
=== Test 2: Function with parameter (CORRECT WAY) ===
Received value: Hello
Result: Hello [processed]
=== Test 3: Function accessing own local variables only ===
Sum: 8
Product: 15
Final result: 23
