1. plano   a=[99, 2, 3] b=[1, 2, 3]
2. fila    m=[[1, 2], [3, 4]] n=[[1, 2], [3, 4]] fila=[1, 77]
3. fila$~  d1=[[1, 2], [3, 4]] d2=[[9, 9], [3, 4]]
4. inverso r=[1, 2, 3] s=[1, 88, 3]
5. cadena  t=[7, 2] u=[1, 2] v=[1, 2]
6. función w=[1, 2] z=[42, 2]
7. dolar~  g1=[1, 2, 3] g2=[1, 9, 3]
8. ntupla  nt1=#(x: 1, y: 2) nt2=#(x: 1, y: 2) nt3=#(x: 9, y: 2)
9. append  h1=[1, 2] h2=[1, 2, 3]
10. grid  grid=[[0, 0], [5, 0], [0, 0]] keep=[[0, 0], [0, 0], [0, 0]]
