entero     ###
decimal    ##.
cadena     ##"
carácter   ##'
booleano   ##?
unidad     ##_
es cadena  (##", 3, ###)
nombre     #1
unidad val #1
unidad nom #1
arreglo    ##]
lista      ##[
tupla      ##)
diccionario##(
arr. vacío ##]
dicc vacío ##(
uno solo   ##]
anidado    ##]
sin mezcla [1] ##]
de JSON    ##[ y uniforme ##]
agregados  ##[
dos dicc.  ##]
iguales    #1
