--- Integer arithmetic (ASCII mode) ---
12
4
32
2
2
64
--- Negative numbers ---
-8
-4
-32
--- Float / decimal ---
4.75
2.25
4.375
2.8
12.25
-1.25
--- Large numbers ---
108
400
--- Hex literal 0xFF (decoded to decimal) ---
ÿ
--- Output mode (Adlam) ---
𞥑𞥒
𞥔
𞥓𞥒
𞥒
𞥒
𞥖𞥔
-𞥘
-𞥔
-𞥓𞥒
𞥔.𞥗𞥕
𞥒.𞥒𞥕
𞥔.𞥓𞥗𞥕
𞥒.𞥘
𞥑𞥒.𞥒𞥕
-𞥑.𞥒𞥕
𞥑𞥐𞥘
𞥔𞥐𞥐
ÿ
--- Booleans ---
#𞥑
#𞥐
#𞥑
#𞥐
#𞥑
#𞥐
