--- Integer arithmetic (ASCII mode) ---
12
4
32
2
2
64
--- Negative numbers ---
-8
-4
-32
--- Float / decimal ---
4.75
2.25
4.375
2.8
12.25
-1.25
--- Large numbers ---
108
400
--- Hex literal 0xFF (decoded to decimal) ---
ÿ
--- Output mode (Ahom) ---
𑜱𑜲
𑜴
𑜳𑜲
𑜲
𑜲
𑜶𑜴
-𑜸
-𑜴
-𑜳𑜲
𑜴.𑜷𑜵
𑜲.𑜲𑜵
𑜴.𑜳𑜷𑜵
𑜲.𑜸
𑜱𑜲.𑜲𑜵
-𑜱.𑜲𑜵
𑜱𑜰𑜸
𑜴𑜰𑜰
ÿ
--- Booleans ---
#𑜱
#𑜰
#𑜱
#𑜰
#𑜱
#𑜰
#1
#0
