--- Integer arithmetic (ASCII mode) ---
12
4
32
2
2
64
--- Negative numbers ---
-8
-4
-32
--- Float / decimal ---
4.75
2.25
4.375
2.8
12.25
-1.25
--- Large numbers ---
108
400
--- Hex literal 0xFF (decoded to decimal) ---
ÿ
--- Output mode (Arabic-Indic) ---
١٢
٤
٣٢
٢
٢
٦٤
-٨
-٤
-٣٢
٤.٧٥
٢.٢٥
٤.٣٧٥
٢.٨
١٢.٢٥
-١.٢٥
١٠٨
٤٠٠
ÿ
--- Booleans ---
#١
#٠
#١
#٠
#١
#٠
