--- Integer arithmetic (ASCII mode) ---
12
4
32
2
2
64
--- Negative numbers ---
-8
-4
-32
--- Float / decimal ---
4.75
2.25
4.375
2.8
12.25
-1.25
--- Large numbers ---
108
400
--- Hex literal 0xFF (decoded to decimal) ---
ÿ
--- Output mode (Balinese) ---
᭑᭒
᭔
᭓᭒
᭒
᭒
᭖᭔
-᭘
-᭔
-᭓᭒
᭔.᭗᭕
᭒.᭒᭕
᭔.᭓᭗᭕
᭒.᭘
᭑᭒.᭒᭕
-᭑.᭒᭕
᭑᭐᭘
᭔᭐᭐
ÿ
--- Booleans ---
#᭑
#᭐
#᭑
#᭐
#᭑
#᭐
