--- Integer arithmetic (ASCII mode) ---
12
4
32
2
2
64
--- Negative numbers ---
-8
-4
-32
--- Float / decimal ---
4.75
2.25
4.375
2.8
12.25
-1.25
--- Large numbers ---
108
400
--- Hex literal 0xFF (decoded to decimal) ---
ÿ
--- Output mode (Kawi) ---
𑽑𑽒
𑽔
𑽓𑽒
𑽒
𑽒
𑽖𑽔
-𑽘
-𑽔
-𑽓𑽒
𑽔.𑽗𑽕
𑽒.𑽒𑽕
𑽔.𑽓𑽗𑽕
𑽒.𑽘
𑽑𑽒.𑽒𑽕
-𑽑.𑽒𑽕
𑽑𑽐𑽘
𑽔𑽐𑽐
ÿ
--- Booleans ---
#𑽑
#𑽐
#𑽑
#𑽐
#𑽑
#𑽐
