--- Integer arithmetic (ASCII mode) ---
12
4
32
2
2
64
--- Negative numbers ---
-8
-4
-32
--- Float / decimal ---
4.75
2.25
4.375
2.8
12.25
-1.25
--- Large numbers ---
108
400
--- Hex literal 0xFF (decoded to decimal) ---
ÿ
--- Output mode (Khmer) ---
១២
៤
៣២
២
២
៦៤
-៨
-៤
-៣២
៤.៧៥
២.២៥
៤.៣៧៥
២.៨
១២.២៥
-១.២៥
១០៨
៤០០
ÿ
--- Booleans ---
#១
#០
#១
#០
#១
#០
