--- Integer arithmetic (ASCII mode) ---
12
4
32
2
2
64
--- Negative numbers ---
-8
-4
-32
--- Float / decimal ---
4.75
2.25
4.375
2.8
12.25
-1.25
--- Large numbers ---
108
400
--- Hex literal 0xFF (decoded to decimal) ---
ÿ
--- Output mode (Mathematical Sans-serif Bold) ---
𝟭𝟮
𝟰
𝟯𝟮
𝟮
𝟮
𝟲𝟰
-𝟴
-𝟰
-𝟯𝟮
𝟰.𝟳𝟱
𝟮.𝟮𝟱
𝟰.𝟯𝟳𝟱
𝟮.𝟴
𝟭𝟮.𝟮𝟱
-𝟭.𝟮𝟱
𝟭𝟬𝟴
𝟰𝟬𝟬
ÿ
--- Booleans ---
#𝟭
#𝟬
#𝟭
#𝟬
#𝟭
#𝟬
