--- Integer arithmetic (ASCII mode) ---
12
4
32
2
2
64
--- Negative numbers ---
-8
-4
-32
--- Float / decimal ---
4.75
2.25
4.375
2.8
12.25
-1.25
--- Large numbers ---
108
400
--- Hex literal 0xFF (decoded to decimal) ---
ÿ
--- Output mode (Mongolian) ---
᠑᠒
᠔
᠓᠒
᠒
᠒
᠖᠔
-᠘
-᠔
-᠓᠒
᠔.᠗᠕
᠒.᠒᠕
᠔.᠓᠗᠕
᠒.᠘
᠑᠒.᠒᠕
-᠑.᠒᠕
᠑᠐᠘
᠔᠐᠐
ÿ
--- Booleans ---
#᠑
#᠐
#᠑
#᠐
#᠑
#᠐
