--- Integer arithmetic (ASCII mode) ---
12
4
32
2
2
64
--- Negative numbers ---
-8
-4
-32
--- Float / decimal ---
4.75
2.25
4.375
2.8
12.25
-1.25
--- Large numbers ---
108
400
--- Hex literal 0xFF (decoded to decimal) ---
ÿ
--- Output mode (Mro) ---
𖩡𖩢
𖩤
𖩣𖩢
𖩢
𖩢
𖩦𖩤
-𖩨
-𖩤
-𖩣𖩢
𖩤.𖩧𖩥
𖩢.𖩢𖩥
𖩤.𖩣𖩧𖩥
𖩢.𖩨
𖩡𖩢.𖩢𖩥
-𖩡.𖩢𖩥
𖩡𖩠𖩨
𖩤𖩠𖩠
ÿ
--- Booleans ---
#𖩡
#𖩠
#𖩡
#𖩠
#𖩡
#𖩠
