--- Integer arithmetic (ASCII mode) ---
12
4
32
2
2
64
--- Negative numbers ---
-8
-4
-32
--- Float / decimal ---
4.75
2.25
4.375
2.8
12.25
-1.25
--- Large numbers ---
108
400
--- Hex literal 0xFF (decoded to decimal) ---
ÿ
--- Output mode (Myanmar Tai Laing) ---
꧱꧲
꧴
꧳꧲
꧲
꧲
꧶꧴
-꧸
-꧴
-꧳꧲
꧴.꧷꧵
꧲.꧲꧵
꧴.꧳꧷꧵
꧲.꧸
꧱꧲.꧲꧵
-꧱.꧲꧵
꧱꧰꧸
꧴꧰꧰
ÿ
--- Booleans ---
#꧱
#꧰
#꧱
#꧰
#꧱
#꧰
