--- Integer arithmetic (ASCII mode) ---
12
4
32
2
2
64
--- Negative numbers ---
-8
-4
-32
--- Float / decimal ---
4.75
2.25
4.375
2.8
12.25
-1.25
--- Large numbers ---
108
400
--- Hex literal 0xFF (decoded to decimal) ---
ÿ
--- Output mode (Oriya) ---
୧୨
୪
୩୨
୨
୨
୬୪
-୮
-୪
-୩୨
୪.୭୫
୨.୨୫
୪.୩୭୫
୨.୮
୧୨.୨୫
-୧.୨୫
୧୦୮
୪୦୦
ÿ
--- Booleans ---
#୧
#୦
#୧
#୦
#୧
#୦
