--- Integer arithmetic (ASCII mode) ---
12
4
32
2
2
64
--- Negative numbers ---
-8
-4
-32
--- Float / decimal ---
4.75
2.25
4.375
2.8
12.25
-1.25
--- Large numbers ---
108
400
--- Hex literal 0xFF (decoded to decimal) ---
ÿ
--- Output mode (Saurashtra) ---
꣑꣒
꣔
꣓꣒
꣒
꣒
꣖꣔
-꣘
-꣔
-꣓꣒
꣔.꣗꣕
꣒.꣒꣕
꣔.꣓꣗꣕
꣒.꣘
꣑꣒.꣒꣕
-꣑.꣒꣕
꣑꣐꣘
꣔꣐꣐
ÿ
--- Booleans ---
#꣑
#꣐
#꣑
#꣐
#꣑
#꣐
