--- Integer arithmetic (ASCII mode) ---
12
4
32
2
2
64
--- Negative numbers ---
-8
-4
-32
--- Float / decimal ---
4.75
2.25
4.375
2.8
12.25
-1.25
--- Large numbers ---
108
400
--- Hex literal 0xFF (decoded to decimal) ---
ÿ
--- Output mode (Tai Tham Hora) ---
᪁᪂
᪄
᪃᪂
᪂
᪂
᪆᪄
-᪈
-᪄
-᪃᪂
᪄.᪇᪅
᪂.᪂᪅
᪄.᪃᪇᪅
᪂.᪈
᪁᪂.᪂᪅
-᪁.᪂᪅
᪁᪀᪈
᪄᪀᪀
ÿ
--- Booleans ---
#᪁
#᪀
#᪁
#᪀
#᪁
#᪀
