--- Integer arithmetic (ASCII mode) ---
12
4
32
2
2
64
--- Negative numbers ---
-8
-4
-32
--- Float / decimal ---
4.75
2.25
4.375
2.8
12.25
-1.25
--- Large numbers ---
108
400
--- Hex literal 0xFF (decoded to decimal) ---
ÿ
--- Output mode (Tibetan) ---
༡༢
༤
༣༢
༢
༢
༦༤
-༨
-༤
-༣༢
༤.༧༥
༢.༢༥
༤.༣༧༥
༢.༨
༡༢.༢༥
-༡.༢༥
༡༠༨
༤༠༠
ÿ
--- Booleans ---
#༡
#༠
#༡
#༠
#༡
#༠
