--- Integer arithmetic (ASCII mode) ---
12
4
32
2
2
64
--- Negative numbers ---
-8
-4
-32
--- Float / decimal ---
4.75
2.25
4.375
2.8
12.25
-1.25
--- Large numbers ---
108
400
--- Hex literal 0xFF (decoded to decimal) ---
ÿ
--- Output mode (Vai) ---
꘡꘢
꘤
꘣꘢
꘢
꘢
꘦꘤
-꘨
-꘤
-꘣꘢
꘤.꘧꘥
꘢.꘢꘥
꘤.꘣꘧꘥
꘢.꘨
꘡꘢.꘢꘥
-꘡.꘢꘥
꘡꘠꘨
꘤꘠꘠
ÿ
--- Booleans ---
#꘡
#꘠
#꘡
#꘠
#꘡
#꘠
