--- Integer arithmetic (ASCII mode) ---
12
4
32
2
2
64
--- Negative numbers ---
-8
-4
-32
--- Float / decimal ---
4.75
2.25
4.375
2.8
12.25
-1.25
--- Large numbers ---
108
400
--- Hex literal 0xFF (decoded to decimal) ---
ÿ
--- Output mode (Warang Citi) ---
𑣡𑣢
𑣤
𑣣𑣢
𑣢
𑣢
𑣦𑣤
-𑣨
-𑣤
-𑣣𑣢
𑣤.𑣧𑣥
𑣢.𑣢𑣥
𑣤.𑣣𑣧𑣥
𑣢.𑣨
𑣡𑣢.𑣢𑣥
-𑣡.𑣢𑣥
𑣡𑣠𑣨
𑣤𑣠𑣠
ÿ
--- Booleans ---
#𑣡
#𑣠
#𑣡
#𑣠
#𑣡
#𑣠
