--- ASCII (no mode active) ---
scalar        42
interpolation 42
array         [1, 2, 3]
tuple         (7, 8)
named tuple   #(x: 10, y: 20)
interp array  [1, 2, 3]
float         3.14
bool          #1
char          7
--- Devanagari mode ---
scalar        ४२
interpolation ४२
array         [१, २, ३]
tuple         (७, ८)
named tuple   #(x: १०, y: २०)
interp array  [१, २, ३]
float         ३.१४
bool          #१
char          7
nested array  [[१, २], [३]]
nested tuple  #(a: [१, २], b: (३, ४))
juxtaposition n=४२
concat build  n=४२
--- back to ASCII ---
array         [1, 2, 3]
