Runtime error: failed to parse module: 7 parse error(s) in '/home/rakzo/github/zymbol-lang/interpreter/tests/i18n/matematicas/sistema.zy'
  /home/rakzo/github/zymbol-lang/interpreter/tests/i18n/matematicas/sistema.zy:55:27: expected expression, found Pipe
  /home/rakzo/github/zymbol-lang/interpreter/tests/i18n/matematicas/sistema.zy:55:32: unexpected token: String("-l")
  /home/rakzo/github/zymbol-lang/interpreter/tests/i18n/matematicas/sistema.zy:55:37: unexpected token: BashClose
  /home/rakzo/github/zymbol-lang/interpreter/tests/i18n/matematicas/sistema.zy:61:34: expected field name after '.'
  /home/rakzo/github/zymbol-lang/interpreter/tests/i18n/matematicas/sistema.zy:67:31: expected expression, found Pipe
  /home/rakzo/github/zymbol-lang/interpreter/tests/i18n/matematicas/sistema.zy:67:36: unexpected token: String("-l")
  /home/rakzo/github/zymbol-lang/interpreter/tests/i18n/matematicas/sistema.zy:67:41: unexpected token: BashClose
