[1m[31merror[39m[0m: expected expression, found Output
  [1m[34m-->[39m[0m i18n/test_archivos.zy:47:35
[1m[34m  47[39m[0m [34m|[39m
[1m[34m  47[39m[0m [34m|[39m agregar = <\ echo "Segunda linea" >> "test_archivo.txt" && echo "Agregado" \>
[34m     |[39m [1m[31m                                  ^^[39m[0m
[1m[31merror[39m[0m: unexpected token: String("test_archivo.txt")
  [1m[34m-->[39m[0m i18n/test_archivos.zy:47:38
[1m[34m  47[39m[0m [34m|[39m
[1m[34m  47[39m[0m [34m|[39m agregar = <\ echo "Segunda linea" >> "test_archivo.txt" && echo "Agregado" \>
[34m     |[39m [1m[31m                                     ^^^^^^^^^^^^^^^^^^[39m[0m
  [1m[32mhelp:[39m[0m expected statement (>>, <<, ?, ??, @, @!, @>, !?, <~, ¶, \\, or identifier)
[1m[31merror[39m[0m: unexpected token: And
  [1m[34m-->[39m[0m i18n/test_archivos.zy:47:57
[1m[34m  47[39m[0m [34m|[39m
[1m[34m  47[39m[0m [34m|[39m agregar = <\ echo "Segunda linea" >> "test_archivo.txt" && echo "Agregado" \>
[34m     |[39m [1m[31m                                                        ^^[39m[0m
  [1m[32mhelp:[39m[0m expected statement (>>, <<, ?, ??, @, @!, @>, !?, <~, ¶, \\, or identifier)
[1m[31merror[39m[0m: unexpected token: String("Agregado")
  [1m[34m-->[39m[0m i18n/test_archivos.zy:47:65
[1m[34m  47[39m[0m [34m|[39m
[1m[34m  47[39m[0m [34m|[39m agregar = <\ echo "Segunda linea" >> "test_archivo.txt" && echo "Agregado" \>
[34m     |[39m [1m[31m                                                                ^^^^^^^^^^[39m[0m
  [1m[32mhelp:[39m[0m expected statement (>>, <<, ?, ??, @, @!, @>, !?, <~, ¶, \\, or identifier)
[1m[31merror[39m[0m: unexpected token: BashClose
  [1m[34m-->[39m[0m i18n/test_archivos.zy:47:76
[1m[34m  47[39m[0m [34m|[39m
[1m[34m  47[39m[0m [34m|[39m agregar = <\ echo "Segunda linea" >> "test_archivo.txt" && echo "Agregado" \>
[34m     |[39m [1m[31m                                                                           ^^[39m[0m
  [1m[32mhelp:[39m[0m expected statement (>>, <<, ?, ??, @, @!, @>, !?, <~, ¶, \\, or identifier)
