[1m[31merror[39m[0m: expected expression, found Pipe
  [1m[34m-->[39m[0m i18n/test_bash_simple.zy:29:32
[1m[34m  29[39m[0m [34m|[39m
[1m[34m  29[39m[0m [34m|[39m piped = <\ echo "uno dos tres" | wc -w \>
[34m     |[39m [1m[31m                               ^[39m[0m
[1m[31merror[39m[0m: unexpected token: BashClose
  [1m[34m-->[39m[0m i18n/test_bash_simple.zy:29:40
[1m[34m  29[39m[0m [34m|[39m
[1m[34m  29[39m[0m [34m|[39m piped = <\ echo "uno dos tres" | wc -w \>
[34m     |[39m [1m[31m                                       ^^[39m[0m
  [1m[32mhelp:[39m[0m expected statement (>>, <<, ?, ??, @, @!, @>, !?, <~, ¶, \\, or identifier)
[1m[31merror[39m[0m: expected expression, found Pipe
  [1m[34m-->[39m[0m i18n/test_bash_simple.zy:34:22
[1m[34m  34[39m[0m [34m|[39m
[1m[34m  34[39m[0m [34m|[39m num_archivos = <\ ls | wc -l \>
[34m     |[39m [1m[31m                     ^[39m[0m
[1m[31merror[39m[0m: unexpected token: BashClose
  [1m[34m-->[39m[0m i18n/test_bash_simple.zy:34:30
[1m[34m  34[39m[0m [34m|[39m
[1m[34m  34[39m[0m [34m|[39m num_archivos = <\ ls | wc -l \>
[34m     |[39m [1m[31m                             ^^[39m[0m
  [1m[32mhelp:[39m[0m expected statement (>>, <<, ?, ??, @, @!, @>, !?, <~, ¶, \\, or identifier)
