Runtime error: failed to parse module: 7 parse error(s) in 'i18n/matematicas/sistema.zy'
  i18n/matematicas/sistema.zy:55:27: expected expression, found Pipe
  i18n/matematicas/sistema.zy:55:32: unexpected token: String("-l")
  i18n/matematicas/sistema.zy:55:37: unexpected token: BashClose
  i18n/matematicas/sistema.zy:61:34: expected field name after '.'
  i18n/matematicas/sistema.zy:67:31: expected expression, found Pipe
  i18n/matematicas/sistema.zy:67:36: unexpected token: String("-l")
  i18n/matematicas/sistema.zy:67:41: unexpected token: BashClose
