[1m[31merror[39m[0m: expected expression, found Dot
  [1m[34m-->[39m[0m i18n/test_integration_all.zy:40:16
[1m[34m  40[39m[0m [34m|[39m
[1m[34m  40[39m[0m [34m|[39m count = <\ ls *.zy | wc -l \>
[34m     |[39m [1m[31m               ^[39m[0m
[1m[31merror[39m[0m: unexpected token: Pipe
  [1m[34m-->[39m[0m i18n/test_integration_all.zy:40:20
[1m[34m  40[39m[0m [34m|[39m
[1m[34m  40[39m[0m [34m|[39m count = <\ ls *.zy | wc -l \>
[34m     |[39m [1m[31m                   ^[39m[0m
  [1m[32mhelp:[39m[0m expected statement (>>, <<, ?, ??, @, @!, @>, !?, <~, ¶, \\, or identifier)
[1m[31merror[39m[0m: unexpected token: BashClose
  [1m[34m-->[39m[0m i18n/test_integration_all.zy:40:28
[1m[34m  40[39m[0m [34m|[39m
[1m[34m  40[39m[0m [34m|[39m count = <\ ls *.zy | wc -l \>
[34m     |[39m [1m[31m                           ^^[39m[0m
  [1m[32mhelp:[39m[0m expected statement (>>, <<, ?, ??, @, @!, @>, !?, <~, ¶, \\, or identifier)
