[1m[31merror[39m[0m: no enclosing loop is labelled 'nope'
  [1m[34m-->[39m[0m loops/labels/01_break_unknown_label.zy:7:5
[1m[34m   7[39m[0m [34m|[39m
[1m[34m   7[39m[0m [34m|[39m     @:nope!
[34m     |[39m [1m[31m    ^^^^^^^[39m[0m
  [1m[32m= help:[39m[0m labels in scope here: 'outer'
