=== Zymbol Pipeline v2 ===
P1_split_count:     total=60000  (***time***)
P2_split_map:       total=24000  (***time***)
P3_split_filter:    total=14000  (***time***)
P4_split_reduce:    total=110000  (***time***)
P5_csv_rows:        total_score=617000  (***time***)
P6_word_filter:     total=10000  (***time***)
P7_build_split_agg: total=4471  (***time***)
=== Done (***time*** total) ===
