=== Zymbol Text v2 ===
T1_template_build:  total=198393  (***time***)
T2_join_sim:        total=45000  (***time***)
T3_word_buckets:    short=13000 long=6000  (***time***)
T4_sort_by_len:     first=fig last=elderberry  (***time***)
T5_sort_dedup:      unique=6  (***time***)
T6_transform_pipe:  total=5500  (***time***)
=== Done (***time*** total) ===
