=== Zymbol Numeric v2 ===
N1_fib40_loop:      result=102334155  (***time***)
N2_digit_sum:       total=1000005  (***time***)
N3_primes_5k:       count=669  (***time***)
N4_modular_sq:      total=92300000  (***time***)
N5_fizzbuzz_1M:     fizz=266667 buzz=133334 fb=66666  (***time***)
N6_dot_product:     result=20845835000  (***time***)
=== Done (***time*** total) ===
