##Type(arithmetic requires numeric operands: Unit, Int)
##Type(arithmetic requires numeric operands: Int, Bool)
##Type(arithmetic requires numeric operands: Array, Int)
##Type(arithmetic requires numeric operands: Char, Int)
##Type(+ is arithmetic only — use juxtaposition to concatenate strings: "a" b "c")
##Type(+ is arithmetic only — use juxtaposition to concatenate strings: "a" b "c")
##Type(arithmetic requires numeric operands: Unit, Int)
##Type(arithmetic requires numeric operands: Bool, Int)
##Type(arithmetic requires numeric operands: String, Int)
##Type(power operator requires numeric operands: Unit, Int)
##Type(arithmetic requires numeric operands: Unit, Int)
##Type(/ requires numeric operands — use $/ to split strings)
##Type(negation requires numeric operand, got String)
##Type(unary plus requires numeric operand, got Bool)
