##Type(logical AND requires boolean operands, got Int)
##Type(logical OR requires boolean operands, got Unit)
##Type(logical NOT requires boolean operand, got Int)
##Type(cannot compare values with operator '<': Bool and Int)
##Type(cannot compare values with operator '<': Unit and Int)
##Type(cannot compare values with operator '<': Array and Array)
#1
##Parse(cannot compare string 'a' with integer 10 using operator '<')
##Parse(cannot compare integer 10 with string 'a' using operator '<')
##Parse(cannot compare string 'a' with float 1.5 using operator '<')
##Parse(cannot compare float 1.5 with string 'a' using operator '<')
##Parse(cannot compare string 'index' with integer 10 using operator '<')
