error: E001: module 'totally_wrong_name' should be named 'E001_mismatch_mod' for its path
  --> errors/semantic/E001_mismatch_mod.zy:1:1
  = help: a bare name matches the file stem (`# util` in util.zy); a leading dot names the whole path, joined with `_` (`# .lib_util` in lib/util.zy). See DOT_CONVENTION.md
