[1m[31merror[39m[0m: expected field name after '.'
  [1m[34m-->[39m[0m i18n/matematicas/archivos.zy:57:31
[1m[34m  57[39m[0m [34m|[39m
[1m[34m  57[39m[0m [34m|[39m         resultado = <\ find . "-maxdepth" 1 "-name" "*.zy" "-type" f \>
[34m     |[39m [1m[31m                              ^^^^^^^^^^^[39m[0m
  [1m[32mhelp:[39m[0m member access requires a field name: object.field
[1m[31merror[39m[0m: expected field name after '.'
  [1m[34m-->[39m[0m i18n/matematicas/archivos.zy:69:31
[1m[34m  69[39m[0m [34m|[39m
[1m[34m  69[39m[0m [34m|[39m         resultado = <\ find . "-maxdepth" 2 "-type" d \>
[34m     |[39m [1m[31m                              ^^^^^^^^^^^[39m[0m
  [1m[32mhelp:[39m[0m member access requires a field name: object.field
[1m[31merror[39m[0m: expected expression, found Pipe
  [1m[34m-->[39m[0m i18n/matematicas/archivos.zy:75:33
[1m[34m  75[39m[0m [34m|[39m
[1m[34m  75[39m[0m [34m|[39m         resultado = <\ ls "-lt" | head "-n" 6 \>
[34m     |[39m [1m[31m                                ^[39m[0m
