[1m[31merror[39m[0m: expected expression, found LBrace
  [1m[34m-->[39m[0m i18n/matematicas/db.zy:18:32
[1m[34m  18[39m[0m [34m|[39m
[1m[34m  18[39m[0m [34m|[39m         resultado = <\ sqlite3 {nombre_db} "SELECT 1;" \>
[34m     |[39m [1m[31m                               ^[39m[0m
[1m[31merror[39m[0m: E013: executable statement not allowed in module body
  [1m[34m-->[39m[0m i18n/matematicas/db.zy:18:44
[1m[34m  18[39m[0m [34m|[39m
[1m[34m  18[39m[0m [34m|[39m         resultado = <\ sqlite3 {nombre_db} "SELECT 1;" \>
[34m     |[39m [1m[31m                                           ^^^^^^^^^^^[39m[0m
  [1m[32m= help:[39m[0m modules may only contain imports, exports, constants, variables, and function definitions
