[1m[31merror[39m[0m: expected expression, found LBrace
  [1m[34m-->[39m[0m tests/i18n/matematicas/http.zy:17:34
[1m[34m  17[39m[0m [34m|[39m
[1m[34m  17[39m[0m [34m|[39m         resultado = <\ curl "-s" {url} \>
[34m     |[39m [1m[31m                                 ^[39m[0m
[1m[31merror[39m[0m: E013: executable statement not allowed in module body
  [1m[34m-->[39m[0m tests/i18n/matematicas/http.zy:17:40
[1m[34m  17[39m[0m [34m|[39m
[1m[34m  17[39m[0m [34m|[39m         resultado = <\ curl "-s" {url} \>
[34m     |[39m [1m[31m                                       ^^[39m[0m
  [1m[32mhelp:[39m[0m modules may only contain imports, exports, constants, variables, and function definitions
