=== Example 1: a value that a branch may replace ===
Using optional variable: This variable exists!
=== Example 2: a default value ===
Using default value: 50
=== Example 3: #? still inspects — of a name that exists ===
  symbol: ##]
  count:  3
  string: (##", 4, hola)
=== All practical examples completed ===
