=== Zymbol HOF v2 ===
H1_map_square:      reps=20 len=200000  (0.093s)
H2_filter_mod7:     reps=20 len=28560  (0.076s)
H3_reduce_sum:      reps=50 result=2500250000  (0.186s)
H4_filter_reduce:   reps=10 result=250050000  (0.059s)
H5_map_reduce:      reps=10 result=3333833350000  (0.080s)
H6_sort_asc:        reps=10 len=10000  (0.010s)
H7_sort_desc:       reps=5 first=10000  (0.008s)
H8_sort_custom:     reps=3 first=1  (0.151s)
H9_filter_map_sort: reps=5 len=16665  (0.028s)
=== Done (0.726s total) ===
